// Jest Snapshot v1, https://goo.gl/fbAQLP

exports[`GridView render correctly 1`] = `
<div
  class="grid__view-products"
  role="list"
>
  <article>
    <div
      class="grid__view-products-images"
    >
      <img
        alt="Rowenta X-Plorer"
        class="grid__view-images"
        data-nimg="1"
        decoding="async"
        height="500"
        loading="lazy"
        src="/_next/image?url=https%3A%2F%2Fv5.airtableusercontent.com%2Fv3%2Fu%2F36%2F36%2F1735927200000%2Fz1DGYY2OwoRZbvhrrDDN7A%2Fw1Mz_ziHyacFNEWhG20n9-9402zZeOrO_8Hl08ziofX1k04NPQxGz5Bpukazy2Y-vDBOH0WckJtDMDsT97U5ULKsHXAbW3O0f7E7DK28kuUh325yvhA1LacIvbnNSrhcR6gktaXkjthLToYH2twKRNX4yLJvD7rSvq1DK9pafxU%2F9_ssyMBUu_Cn3gwqDuN_3fojw58rg4Lyfag_pangujw&w=1080&q=75"
        srcset="/_next/image?url=https%3A%2F%2Fv5.airtableusercontent.com%2Fv3%2Fu%2F36%2F36%2F1735927200000%2Fz1DGYY2OwoRZbvhrrDDN7A%2Fw1Mz_ziHyacFNEWhG20n9-9402zZeOrO_8Hl08ziofX1k04NPQxGz5Bpukazy2Y-vDBOH0WckJtDMDsT97U5ULKsHXAbW3O0f7E7DK28kuUh325yvhA1LacIvbnNSrhcR6gktaXkjthLToYH2twKRNX4yLJvD7rSvq1DK9pafxU%2F9_ssyMBUu_Cn3gwqDuN_3fojw58rg4Lyfag_pangujw&w=640&q=75 1x, /_next/image?url=https%3A%2F%2Fv5.airtableusercontent.com%2Fv3%2Fu%2F36%2F36%2F1735927200000%2Fz1DGYY2OwoRZbvhrrDDN7A%2Fw1Mz_ziHyacFNEWhG20n9-9402zZeOrO_8Hl08ziofX1k04NPQxGz5Bpukazy2Y-vDBOH0WckJtDMDsT97U5ULKsHXAbW3O0f7E7DK28kuUh325yvhA1LacIvbnNSrhcR6gktaXkjthLToYH2twKRNX4yLJvD7rSvq1DK9pafxU%2F9_ssyMBUu_Cn3gwqDuN_3fojw58rg4Lyfag_pangujw&w=1080&q=75 2x"
        style="color: transparent;"
        width="470"
      />
      <a
        class="grid__view-products-link"
        href="/ecommerce/rec69hj6QLF5zEjue"
      >
        <svg
          fill="currentColor"
          height="1em"
          stroke="currentColor"
          stroke-width="0"
          viewBox="0 0 512 512"
          width="1em"
          xmlns="http://www.w3.org/2000/svg"
        >
          <path
            d="M505 442.7L405.3 343c-4.5-4.5-10.6-7-17-7H372c27.6-35.3 44-79.7 44-128C416 93.1 322.9 0 208 0S0 93.1 0 208s93.1 208 208 208c48.3 0 92.7-16.4 128-44v16.3c0 6.4 2.5 12.5 7 17l99.7 99.7c9.4 9.4 24.6 9.4 33.9 0l28.3-28.3c9.4-9.4 9.4-24.6.1-34zM208 336c-70.7 0-128-57.2-128-128 0-70.7 57.2-128 128-128 70.7 0 128 57.2 128 128 0 70.7-57.2 128-128 128z"
          />
        </svg>
      </a>
    </div>
    <footer
      class="grid__view-footer"
    >
      <h5
        class="grid__view-favorite"
      >
        <div>
          Rowenta X-Plorer
           
          <svg
            class="grid__view-favorite-icon"
            fill="currentColor"
            height="1em"
            stroke="currentColor"
            stroke-width="0"
            viewBox="0 0 24 24"
            width="1em"
            xmlns="http://www.w3.org/2000/svg"
          >
            <path
              d="M0 0h24v24H0z"
              fill="none"
            />
            <path
              d="M16.5 3c-1.74 0-3.41.81-4.5 2.09C10.91 3.81 9.24 3 7.5 3 4.42 3 2 5.42 2 8.5c0 3.78 3.4 6.86 8.55 11.54L12 21.35l1.45-1.32C18.6 15.36 22 12.28 22 8.5 22 5.42 19.58 3 16.5 3zm-4.4 15.55l-.1.1-.1-.1C7.14 14.24 4 11.39 4 8.5 4 6.5 5.5 5 7.5 5c1.54 0 3.04.99 3.57 2.36h1.87C13.46 5.99 14.96 5 16.5 5c2 0 3.5 1.5 3.5 3.5 0 2.89-3.14 5.74-7.9 10.05z"
            />
          </svg>
        </div>
      </h5>
      <p
        class="grid__view-products-price"
      >
        $477.00
      </p>
    </footer>
  </article>
  <article>
    <div
      class="grid__view-products-images"
    >
      <img
        alt="Roborock S8"
        class="grid__view-images"
        data-nimg="1"
        decoding="async"
        height="500"
        loading="lazy"
        src="/_next/image?url=https%3A%2F%2Fv5.airtableusercontent.com%2Fv3%2Fu%2F36%2F36%2F1735927200000%2FYieCsTEpUT8lDPRjqfcYWg%2FCHkgL9-0l9AvGrfo94YdgqNGJaghkmlgHd_YXwG1QAP2iSkTfqWSl6MsIebct5DtdTHaZ6xty5HI3WU3SjfI_EcoTmS2_s9tbRBTLIhjbPS_VcgB3bG3mECbnkz8cKqaPefFwOjUGgnNWN5g62uM4o_d1J-r7hHxEbNpBwvzLBY%2FpsMEKs-Azx8sqC_ldD59loQ0GCp9su67li579XWJdgE&w=1080&q=75"
        srcset="/_next/image?url=https%3A%2F%2Fv5.airtableusercontent.com%2Fv3%2Fu%2F36%2F36%2F1735927200000%2FYieCsTEpUT8lDPRjqfcYWg%2FCHkgL9-0l9AvGrfo94YdgqNGJaghkmlgHd_YXwG1QAP2iSkTfqWSl6MsIebct5DtdTHaZ6xty5HI3WU3SjfI_EcoTmS2_s9tbRBTLIhjbPS_VcgB3bG3mECbnkz8cKqaPefFwOjUGgnNWN5g62uM4o_d1J-r7hHxEbNpBwvzLBY%2FpsMEKs-Azx8sqC_ldD59loQ0GCp9su67li579XWJdgE&w=640&q=75 1x, /_next/image?url=https%3A%2F%2Fv5.airtableusercontent.com%2Fv3%2Fu%2F36%2F36%2F1735927200000%2FYieCsTEpUT8lDPRjqfcYWg%2FCHkgL9-0l9AvGrfo94YdgqNGJaghkmlgHd_YXwG1QAP2iSkTfqWSl6MsIebct5DtdTHaZ6xty5HI3WU3SjfI_EcoTmS2_s9tbRBTLIhjbPS_VcgB3bG3mECbnkz8cKqaPefFwOjUGgnNWN5g62uM4o_d1J-r7hHxEbNpBwvzLBY%2FpsMEKs-Azx8sqC_ldD59loQ0GCp9su67li579XWJdgE&w=1080&q=75 2x"
        style="color: transparent;"
        width="470"
      />
      <a
        class="grid__view-products-link"
        href="/ecommerce/rec6b9Eg8wLI02z6s"
      >
        <svg
          fill="currentColor"
          height="1em"
          stroke="currentColor"
          stroke-width="0"
          viewBox="0 0 512 512"
          width="1em"
          xmlns="http://www.w3.org/2000/svg"
        >
          <path
            d="M505 442.7L405.3 343c-4.5-4.5-10.6-7-17-7H372c27.6-35.3 44-79.7 44-128C416 93.1 322.9 0 208 0S0 93.1 0 208s93.1 208 208 208c48.3 0 92.7-16.4 128-44v16.3c0 6.4 2.5 12.5 7 17l99.7 99.7c9.4 9.4 24.6 9.4 33.9 0l28.3-28.3c9.4-9.4 9.4-24.6.1-34zM208 336c-70.7 0-128-57.2-128-128 0-70.7 57.2-128 128-128 70.7 0 128 57.2 128 128 0 70.7-57.2 128-128 128z"
          />
        </svg>
      </a>
    </div>
    <footer
      class="grid__view-footer"
    >
      <h5
        class="grid__view-favorite"
      >
        <div>
          Roborock S8
           
          <svg
            class="grid__view-favorite-icon"
            fill="currentColor"
            height="1em"
            stroke="currentColor"
            stroke-width="0"
            viewBox="0 0 24 24"
            width="1em"
            xmlns="http://www.w3.org/2000/svg"
          >
            <path
              d="M0 0h24v24H0z"
              fill="none"
            />
            <path
              d="M16.5 3c-1.74 0-3.41.81-4.5 2.09C10.91 3.81 9.24 3 7.5 3 4.42 3 2 5.42 2 8.5c0 3.78 3.4 6.86 8.55 11.54L12 21.35l1.45-1.32C18.6 15.36 22 12.28 22 8.5 22 5.42 19.58 3 16.5 3zm-4.4 15.55l-.1.1-.1-.1C7.14 14.24 4 11.39 4 8.5 4 6.5 5.5 5 7.5 5c1.54 0 3.04.99 3.57 2.36h1.87C13.46 5.99 14.96 5 16.5 5c2 0 3.5 1.5 3.5 3.5 0 2.89-3.14 5.74-7.9 10.05z"
            />
          </svg>
        </div>
      </h5>
      <p
        class="grid__view-products-price"
      >
        $575.00
      </p>
    </footer>
  </article>
</div>
`;
